// Jest Snapshot v1, https://jestjs.io/docs/snapshot-testing

exports[`#sprockets/components/common/visually-hidden-text <VisuallyHiddenText /> matches the snapshot 1`] = `
<span
  className="visually-hidden-text"
>
  MOCK VISUALLY HIDDEN TEXT
</span>
`;
