// Jest Snapshot v1, https://jestjs.io/docs/snapshot-testing

exports[`#sprockets/components/error-message <ErrorMessage /> With additional props matches the snapshot 1`] = `
<span
  className="error-message"
>
  <TextContent>
    <span
      className="text-content"
    >
      MOCK ERROR MESSAGE
    </span>
  </TextContent>
</span>
`;

exports[`#sprockets/components/error-message <ErrorMessage /> With required props matches the snapshot 1`] = `null`;
