// Jest Snapshot v1, https://jestjs.io/docs/snapshot-testing

exports[`#sprockets/sprockets/fieldset/title <Title /> With additional props matches the snapshot 1`] = `
<legend
  className="MOCK CLASSNAME"
>
  <TextContent>
    <span
      className="text-content"
    >
      MOCK TITLE
    </span>
  </TextContent>
</legend>
`;

exports[`#sprockets/sprockets/fieldset/title <Title /> With required props matches the snapshot 1`] = `null`;
