// Jest Snapshot v1, https://goo.gl/fbAQLP

exports[`@modernpoacher/sprockets/sprockets/check-answers <Sprocket /> With additional props renders 1`] = `
<div
  className="MOCK CLASSNAME"
>
  MOCK CHECK ANSWERS GROUP
</div>
`;

exports[`@modernpoacher/sprockets/sprockets/check-answers <Sprocket /> With required props renders 1`] = `null`;
